// Jest Snapshot v1, https://goo.gl/fbAQLP

exports[`../App deve renderizar componente sem erros 1`] = `
<RCTSafeAreaView
  emulateUnlessSupported={true}
  style={
    Object {
      "flex": 1,
    }
  }
>
  <View
    onLayout={[Function]}
    style={
      Array [
        Object {
          "flex": 1,
        },
        Object {
          "paddingBottom": 0,
        },
      ]
    }
  >
    <RNCSafeAreaProvider
      onInsetsChange={[Function]}
      style={
        Array [
          Object {
            "flex": 1,
          },
          undefined,
        ]
      }
    >
      <RNSScreenStack
        style={
          Object {
            "flex": 1,
          }
        }
      >
        <RNSScreen
          forwardedRef={[Function]}
          onAppear={[Function]}
          onDisappear={[Function]}
          onDismissed={[Function]}
          onWillDisappear={[Function]}
          replaceAnimation="push"
          stackPresentation="push"
          style={
            Object {
              "bottom": 0,
              "left": 0,
              "position": "absolute",
              "right": 0,
              "top": 0,
            }
          }
        >
          <RNSScreenStackHeaderConfig
            backButtonInCustomView={false}
            backgroundColor="rgb(255, 255, 255)"
            color="rgb(0, 122, 255)"
            direction="ltr"
            disableBackButtonMenu={false}
            hidden={false}
            hideBackButton={false}
            largeTitleHideShadow={false}
            title="Lista de LeilÃµes"
            titleColor="rgb(28, 28, 30)"
            topInsetEnabled={false}
            translucent={false}
          />
          <View
            style={
              Array [
                Object {
                  "flex": 1,
                },
                Object {
                  "backgroundColor": "rgb(242, 242, 242)",
                },
                undefined,
              ]
            }
          >
            <RCTScrollView
              contentContainerStyle={
                Object {
                  "paddingVertical": 8,
                }
              }
              data={Array []}
              disableVirtualization={false}
              getItem={[Function]}
              getItemCount={[Function]}
              horizontal={false}
              initialNumToRender={10}
              keyExtractor={[Function]}
              maxToRenderPerBatch={10}
              onContentSizeChange={[Function]}
              onEndReachedThreshold={2}
              onLayout={[Function]}
              onMomentumScrollEnd={[Function]}
              onRefresh={[Function]}
              onScroll={[Function]}
              onScrollBeginDrag={[Function]}
              onScrollEndDrag={[Function]}
              refreshControl={
                <RefreshControlMock
                  onRefresh={[Function]}
                  refreshing={false}
                />
              }
              refreshing={false}
              removeClippedSubviews={false}
              renderItem={[Function]}
              scrollEventThrottle={50}
              stickyHeaderIndices={Array []}
              updateCellsBatchingPeriod={50}
              viewabilityConfigCallbackPairs={Array []}
              windowSize={21}
            >
              <RCTRefreshControl />
              <View />
            </RCTScrollView>
          </View>
        </RNSScreen>
      </RNSScreenStack>
    </RNCSafeAreaProvider>
  </View>
</RCTSafeAreaView>
`;
